Command line invocation:
    /Applications/Xcode.app/Contents/Developer/usr/bin/xcodebuild -project TYAudio.xcodeproj -scheme TYAudio -destination "platform=iOS Simulator,name=iPhone 16" build

ComputePackagePrebuildTargetDependencyGraph

Prepare packages

CreateBuildRequest

SendProjectDescription

CreateBuildOperation

ComputeTargetDependencyGraph
note: Building targets in dependency order
note: Target dependency graph (1 target)
    Target 'TYAudio' in project 'TYAudio' (no dependencies)

GatherProvisioningInputs

CreateBuildDescription

ExecuteExternalTool /Applications/Xcode.app/Contents/Developer/usr/bin/ibtool --version --output-format xml1

ExecuteExternalTool /Applications/Xcode.app/Contents/Developer/Toolchains/XcodeDefault.xctoolchain/usr/bin/clang -v -E -dM -isysroot /Applications/Xcode.app/Contents/Developer/Platforms/iPhoneSimulator.platform/Developer/SDKs/iPhoneSimulator18.5.sdk -x c -c /dev/null

ExecuteExternalTool /Applications/Xcode.app/Contents/Developer/usr/bin/actool --print-asset-tag-combinations --output-format xml1 /Users/tang/Desktop/iOS/TYAudio/TYAudio/Assets.xcassets

ExecuteExternalTool /Applications/Xcode.app/Contents/Developer/usr/bin/actool --version --output-format xml1

ExecuteExternalTool /Applications/Xcode.app/Contents/Developer/Toolchains/XcodeDefault.xctoolchain/usr/bin/swiftc --version

ExecuteExternalTool /Applications/Xcode.app/Contents/Developer/Toolchains/XcodeDefault.xctoolchain/usr/bin/ld -version_details

Build description signature: 06bab08151929d5661504515444f49ff
Build description path: /Users/tang/Library/Developer/Xcode/DerivedData/TYAudio-dlmjgiulirzmonayehdqmwlfwckl/Build/Intermediates.noindex/XCBuildData/06bab08151929d5661504515444f49ff.xcbuilddata
ClangStatCache /Applications/Xcode.app/Contents/Developer/Toolchains/XcodeDefault.xctoolchain/usr/bin/clang-stat-cache /Applications/Xcode.app/Contents/Developer/Platforms/iPhoneSimulator.platform/Developer/SDKs/iPhoneSimulator18.5.sdk /Users/tang/Library/Developer/Xcode/DerivedData/SDKStatCaches.noindex/iphonesimulator18.5-22F76-d5fc8ad4295d2ef488fb7d0f804ce0c4.sdkstatcache
    cd /Users/tang/Desktop/iOS/TYAudio/TYAudio.xcodeproj
    /Applications/Xcode.app/Contents/Developer/Toolchains/XcodeDefault.xctoolchain/usr/bin/clang-stat-cache /Applications/Xcode.app/Contents/Developer/Platforms/iPhoneSimulator.platform/Developer/SDKs/iPhoneSimulator18.5.sdk -o /Users/tang/Library/Developer/Xcode/DerivedData/SDKStatCaches.noindex/iphonesimulator18.5-22F76-d5fc8ad4295d2ef488fb7d0f804ce0c4.sdkstatcache

WriteAuxiliaryFile /Users/tang/Library/Developer/Xcode/DerivedData/TYAudio-dlmjgiulirzmonayehdqmwlfwckl/Build/Intermediates.noindex/TYAudio.build/Debug-iphonesimulator/TYAudio.build/Objects-normal/x86_64/TYAudio.SwiftConstValuesFileList (in target 'TYAudio' from project 'TYAudio')
    cd /Users/tang/Desktop/iOS/TYAudio
    write-file /Users/tang/Library/Developer/Xcode/DerivedData/TYAudio-dlmjgiulirzmonayehdqmwlfwckl/Build/Intermediates.noindex/TYAudio.build/Debug-iphonesimulator/TYAudio.build/Objects-normal/x86_64/TYAudio.SwiftConstValuesFileList

WriteAuxiliaryFile /Users/tang/Library/Developer/Xcode/DerivedData/TYAudio-dlmjgiulirzmonayehdqmwlfwckl/Build/Intermediates.noindex/TYAudio.build/Debug-iphonesimulator/TYAudio.build/Objects-normal/x86_64/TYAudio.SwiftFileList (in target 'TYAudio' from project 'TYAudio')
    cd /Users/tang/Desktop/iOS/TYAudio
    write-file /Users/tang/Library/Developer/Xcode/DerivedData/TYAudio-dlmjgiulirzmonayehdqmwlfwckl/Build/Intermediates.noindex/TYAudio.build/Debug-iphonesimulator/TYAudio.build/Objects-normal/x86_64/TYAudio.SwiftFileList

WriteAuxiliaryFile /Users/tang/Library/Developer/Xcode/DerivedData/TYAudio-dlmjgiulirzmonayehdqmwlfwckl/Build/Intermediates.noindex/TYAudio.build/Debug-iphonesimulator/TYAudio.build/Objects-normal/x86_64/TYAudio.LinkFileList (in target 'TYAudio' from project 'TYAudio')
    cd /Users/tang/Desktop/iOS/TYAudio
    write-file /Users/tang/Library/Developer/Xcode/DerivedData/TYAudio-dlmjgiulirzmonayehdqmwlfwckl/Build/Intermediates.noindex/TYAudio.build/Debug-iphonesimulator/TYAudio.build/Objects-normal/x86_64/TYAudio.LinkFileList

SwiftDriver TYAudio normal x86_64 com.apple.xcode.tools.swift.compiler (in target 'TYAudio' from project 'TYAudio')
    cd /Users/tang/Desktop/iOS/TYAudio
    builtin-SwiftDriver -- /Applications/Xcode.app/Contents/Developer/Toolchains/XcodeDefault.xctoolchain/usr/bin/swiftc -module-name TYAudio -Onone -enforce-exclusivity\=checked @/Users/tang/Library/Developer/Xcode/DerivedData/TYAudio-dlmjgiulirzmonayehdqmwlfwckl/Build/Intermediates.noindex/TYAudio.build/Debug-iphonesimulator/TYAudio.build/Objects-normal/x86_64/TYAudio.SwiftFileList -DDEBUG -enable-bare-slash-regex -enable-experimental-feature DebugDescriptionMacro -sdk /Applications/Xcode.app/Contents/Developer/Platforms/iPhoneSimulator.platform/Developer/SDKs/iPhoneSimulator18.5.sdk -target x86_64-apple-ios15.0-simulator -g -module-cache-path /Users/tang/Library/Developer/Xcode/DerivedData/ModuleCache.noindex -Xfrontend -serialize-debugging-options -enable-testing -index-store-path /Users/tang/Library/Developer/Xcode/DerivedData/TYAudio-dlmjgiulirzmonayehdqmwlfwckl/Index.noindex/DataStore -swift-version 5 -I /Users/tang/Library/Developer/Xcode/DerivedData/TYAudio-dlmjgiulirzmonayehdqmwlfwckl/Build/Products/Debug-iphonesimulator -F /Users/tang/Library/Developer/Xcode/DerivedData/TYAudio-dlmjgiulirzmonayehdqmwlfwckl/Build/Products/Debug-iphonesimulator -F /Users/tang/Desktop/iOS/TYAudio/TYAudio/Frameworks -emit-localized-strings -emit-localized-strings-path /Users/tang/Library/Developer/Xcode/DerivedData/TYAudio-dlmjgiulirzmonayehdqmwlfwckl/Build/Intermediates.noindex/TYAudio.build/Debug-iphonesimulator/TYAudio.build/Objects-normal/x86_64 -c -j8 -enable-batch-mode -incremental -Xcc -ivfsstatcache -Xcc /Users/tang/Library/Developer/Xcode/DerivedData/SDKStatCaches.noindex/iphonesimulator18.5-22F76-d5fc8ad4295d2ef488fb7d0f804ce0c4.sdkstatcache -output-file-map /Users/tang/Library/Developer/Xcode/DerivedData/TYAudio-dlmjgiulirzmonayehdqmwlfwckl/Build/Intermediates.noindex/TYAudio.build/Debug-iphonesimulator/TYAudio.build/Objects-normal/x86_64/TYAudio-OutputFileMap.json -use-frontend-parseable-output -save-temps -no-color-diagnostics -serialize-diagnostics -emit-dependencies -emit-module -emit-module-path /Users/tang/Library/Developer/Xcode/DerivedData/TYAudio-dlmjgiulirzmonayehdqmwlfwckl/Build/Intermediates.noindex/TYAudio.build/Debug-iphonesimulator/TYAudio.build/Objects-normal/x86_64/TYAudio.swiftmodule -validate-clang-modules-once -clang-build-session-file /Users/tang/Library/Developer/Xcode/DerivedData/ModuleCache.noindex/Session.modulevalidation -Xcc -I/Users/tang/Library/Developer/Xcode/DerivedData/TYAudio-dlmjgiulirzmonayehdqmwlfwckl/Build/Intermediates.noindex/TYAudio.build/Debug-iphonesimulator/TYAudio.build/swift-overrides.hmap -emit-const-values -Xfrontend -const-gather-protocols-file -Xfrontend /Users/tang/Library/Developer/Xcode/DerivedData/TYAudio-dlmjgiulirzmonayehdqmwlfwckl/Build/Intermediates.noindex/TYAudio.build/Debug-iphonesimulator/TYAudio.build/Objects-normal/x86_64/TYAudio_const_extract_protocols.json -Xcc -iquote -Xcc /Users/tang/Library/Developer/Xcode/DerivedData/TYAudio-dlmjgiulirzmonayehdqmwlfwckl/Build/Intermediates.noindex/TYAudio.build/Debug-iphonesimulator/TYAudio.build/TYAudio-generated-files.hmap -Xcc -I/Users/tang/Library/Developer/Xcode/DerivedData/TYAudio-dlmjgiulirzmonayehdqmwlfwckl/Build/Intermediates.noindex/TYAudio.build/Debug-iphonesimulator/TYAudio.build/TYAudio-own-target-headers.hmap -Xcc -I/Users/tang/Library/Developer/Xcode/DerivedData/TYAudio-dlmjgiulirzmonayehdqmwlfwckl/Build/Intermediates.noindex/TYAudio.build/Debug-iphonesimulator/TYAudio.build/TYAudio-all-target-headers.hmap -Xcc -iquote -Xcc /Users/tang/Library/Developer/Xcode/DerivedData/TYAudio-dlmjgiulirzmonayehdqmwlfwckl/Build/Intermediates.noindex/TYAudio.build/Debug-iphonesimulator/TYAudio.build/TYAudio-project-headers.hmap -Xcc -I/Users/tang/Library/Developer/Xcode/DerivedData/TYAudio-dlmjgiulirzmonayehdqmwlfwckl/Build/Products/Debug-iphonesimulator/include -Xcc -I/Users/tang/Library/Developer/Xcode/DerivedData/TYAudio-dlmjgiulirzmonayehdqmwlfwckl/Build/Intermediates.noindex/TYAudio.build/Debug-iphonesimulator/TYAudio.build/DerivedSources-normal/x86_64 -Xcc -I/Users/tang/Library/Developer/Xcode/DerivedData/TYAudio-dlmjgiulirzmonayehdqmwlfwckl/Build/Intermediates.noindex/TYAudio.build/Debug-iphonesimulator/TYAudio.build/DerivedSources/x86_64 -Xcc -I/Users/tang/Library/Developer/Xcode/DerivedData/TYAudio-dlmjgiulirzmonayehdqmwlfwckl/Build/Intermediates.noindex/TYAudio.build/Debug-iphonesimulator/TYAudio.build/DerivedSources -Xcc -DDEBUG\=1 -emit-objc-header -emit-objc-header-path /Users/tang/Library/Developer/Xcode/DerivedData/TYAudio-dlmjgiulirzmonayehdqmwlfwckl/Build/Intermediates.noindex/TYAudio.build/Debug-iphonesimulator/TYAudio.build/Objects-normal/x86_64/TYAudio-Swift.h -import-objc-header /Users/tang/Desktop/iOS/TYAudio/TYAudio/TYAudio-Bridging-Header.h -pch-output-dir /Users/tang/Library/Developer/Xcode/DerivedData/TYAudio-dlmjgiulirzmonayehdqmwlfwckl/Build/Intermediates.noindex/PrecompiledHeaders -working-directory /Users/tang/Desktop/iOS/TYAudio -experimental-emit-module-separately -disable-cmo

SwiftGeneratePch normal x86_64 Compiling\ bridging\ header (in target 'TYAudio' from project 'TYAudio')

PrecompileSwiftBridgingHeader normal x86_64 (in target 'TYAudio' from project 'TYAudio')
    cd /Users/tang/Desktop/iOS/TYAudio
    

SwiftDriverJobDiscovery normal x86_64 Compiling bridging header (in target 'TYAudio' from project 'TYAudio')

SwiftEmitModule normal x86_64 Emitting\ module\ for\ TYAudio (in target 'TYAudio' from project 'TYAudio')

EmitSwiftModule normal x86_64 (in target 'TYAudio' from project 'TYAudio')
    cd /Users/tang/Desktop/iOS/TYAudio
    

SwiftCompile normal x86_64 Compiling\ DeviceControlViewController.swift,\ StreamingLaunchViewController.swift,\ CommandBuilder.swift /Users/tang/Desktop/iOS/TYAudio/TYAudio/Features/DeviceControl/DeviceControlViewController.swift /Users/tang/Desktop/iOS/TYAudio/TYAudio/Features/ScreenMirror/StreamingLaunchViewController.swift /Users/tang/Desktop/iOS/TYAudio/TYAudio/Core/Network/CommandBuilder.swift (in target 'TYAudio' from project 'TYAudio')
SwiftCompile normal x86_64 /Users/tang/Desktop/iOS/TYAudio/TYAudio/Features/DeviceControl/DeviceControlViewController.swift (in target 'TYAudio' from project 'TYAudio')
    cd /Users/tang/Desktop/iOS/TYAudio
    

SwiftCompile normal x86_64 /Users/tang/Desktop/iOS/TYAudio/TYAudio/Features/ScreenMirror/StreamingLaunchViewController.swift (in target 'TYAudio' from project 'TYAudio')
    cd /Users/tang/Desktop/iOS/TYAudio
    
/Users/tang/Desktop/iOS/TYAudio/TYAudio/Features/ScreenMirror/StreamingLaunchViewController.swift:406:73: warning: variable 'self' was written to, but never read
            DispatchQueue.main.asyncAfter(deadline: .now() + 2) { [weak self] in
                                                                        ^
/Users/tang/Desktop/iOS/TYAudio/TYAudio/Features/ScreenMirror/StreamingLaunchViewController.swift:414:73: warning: variable 'self' was written to, but never read
            DispatchQueue.main.asyncAfter(deadline: .now() + 2) { [weak self] in
                                                                        ^

SwiftCompile normal x86_64 /Users/tang/Desktop/iOS/TYAudio/TYAudio/Core/Network/CommandBuilder.swift (in target 'TYAudio' from project 'TYAudio')
    cd /Users/tang/Desktop/iOS/TYAudio
    

SwiftCompile normal x86_64 Compiling\ ScreenMirrorService.swift,\ FileBrowserViewController.swift,\ DeviceScanner.swift,\ StreamingRemoteViewController.swift /Users/tang/Desktop/iOS/TYAudio/TYAudio/Core/Network/ScreenMirrorService.swift /Users/tang/Desktop/iOS/TYAudio/TYAudio/Features/DeviceControl/FileBrowserViewController.swift /Users/tang/Desktop/iOS/TYAudio/TYAudio/Core/Network/DeviceScanner.swift /Users/tang/Desktop/iOS/TYAudio/TYAudio/Features/ScreenMirror/StreamingRemoteViewController.swift (in target 'TYAudio' from project 'TYAudio')

SwiftCompile normal x86_64 /Users/tang/Desktop/iOS/TYAudio/TYAudio/Core/Network/ScreenMirrorService.swift (in target 'TYAudio' from project 'TYAudio')
    cd /Users/tang/Desktop/iOS/TYAudio
    

SwiftCompile normal x86_64 /Users/tang/Desktop/iOS/TYAudio/TYAudio/Features/DeviceControl/FileBrowserViewController.swift (in target 'TYAudio' from project 'TYAudio')
    cd /Users/tang/Desktop/iOS/TYAudio
    

SwiftCompile normal x86_64 /Users/tang/Desktop/iOS/TYAudio/TYAudio/Core/Network/DeviceScanner.swift (in target 'TYAudio' from project 'TYAudio')
    cd /Users/tang/Desktop/iOS/TYAudio
    

SwiftCompile normal x86_64 /Users/tang/Desktop/iOS/TYAudio/TYAudio/Features/ScreenMirror/StreamingRemoteViewController.swift (in target 'TYAudio' from project 'TYAudio')
    cd /Users/tang/Desktop/iOS/TYAudio
    

SwiftCompile normal x86_64 Compiling\ BaseViewController.swift,\ DeviceScannerViewController.swift,\ GeneratedAssetSymbols.swift /Users/tang/Desktop/iOS/TYAudio/TYAudio/Core/Base/BaseViewController.swift /Users/tang/Desktop/iOS/TYAudio/TYAudio/Features/DeviceList/DeviceScannerViewController.swift /Users/tang/Library/Developer/Xcode/DerivedData/TYAudio-dlmjgiulirzmonayehdqmwlfwckl/Build/Intermediates.noindex/TYAudio.build/Debug-iphonesimulator/TYAudio.build/DerivedSources/GeneratedAssetSymbols.swift (in target 'TYAudio' from project 'TYAudio')

SwiftCompile normal x86_64 /Users/tang/Desktop/iOS/TYAudio/TYAudio/Core/Base/BaseViewController.swift (in target 'TYAudio' from project 'TYAudio')
    cd /Users/tang/Desktop/iOS/TYAudio
    

SwiftCompile normal x86_64 /Users/tang/Desktop/iOS/TYAudio/TYAudio/Features/DeviceList/DeviceScannerViewController.swift (in target 'TYAudio' from project 'TYAudio')
    cd /Users/tang/Desktop/iOS/TYAudio
    

SwiftCompile normal x86_64 /Users/tang/Library/Developer/Xcode/DerivedData/TYAudio-dlmjgiulirzmonayehdqmwlfwckl/Build/Intermediates.noindex/TYAudio.build/Debug-iphonesimulator/TYAudio.build/DerivedSources/GeneratedAssetSymbols.swift (in target 'TYAudio' from project 'TYAudio')
    cd /Users/tang/Desktop/iOS/TYAudio
    

SwiftCompile normal x86_64 Compiling\ AppDelegate.swift,\ PlayState.swift,\ FileItem.swift /Users/tang/Desktop/iOS/TYAudio/TYAudio/AppDelegate.swift /Users/tang/Desktop/iOS/TYAudio/TYAudio/Core/Models/PlayState.swift /Users/tang/Desktop/iOS/TYAudio/TYAudio/Core/Models/FileItem.swift (in target 'TYAudio' from project 'TYAudio')

SwiftCompile normal x86_64 /Users/tang/Desktop/iOS/TYAudio/TYAudio/AppDelegate.swift (in target 'TYAudio' from project 'TYAudio')
    cd /Users/tang/Desktop/iOS/TYAudio
    

SwiftCompile normal x86_64 /Users/tang/Desktop/iOS/TYAudio/TYAudio/Core/Models/PlayState.swift (in target 'TYAudio' from project 'TYAudio')
    cd /Users/tang/Desktop/iOS/TYAudio
    

SwiftCompile normal x86_64 /Users/tang/Desktop/iOS/TYAudio/TYAudio/Core/Models/FileItem.swift (in target 'TYAudio' from project 'TYAudio')
    cd /Users/tang/Desktop/iOS/TYAudio
    

SwiftCompile normal x86_64 Compiling\ UIColor+Extensions.swift,\ SceneDelegate.swift,\ MiniPlayerView.swift /Users/tang/Desktop/iOS/TYAudio/TYAudio/Core/Extensions/UIColor+Extensions.swift /Users/tang/Desktop/iOS/TYAudio/TYAudio/SceneDelegate.swift /Users/tang/Desktop/iOS/TYAudio/TYAudio/Features/Player/MiniPlayerView.swift (in target 'TYAudio' from project 'TYAudio')

SwiftCompile normal x86_64 /Users/tang/Desktop/iOS/TYAudio/TYAudio/Core/Extensions/UIColor+Extensions.swift (in target 'TYAudio' from project 'TYAudio')
    cd /Users/tang/Desktop/iOS/TYAudio
    

SwiftCompile normal x86_64 /Users/tang/Desktop/iOS/TYAudio/TYAudio/SceneDelegate.swift (in target 'TYAudio' from project 'TYAudio')
    cd /Users/tang/Desktop/iOS/TYAudio
    

SwiftCompile normal x86_64 /Users/tang/Desktop/iOS/TYAudio/TYAudio/Features/Player/MiniPlayerView.swift (in target 'TYAudio' from project 'TYAudio')
    cd /Users/tang/Desktop/iOS/TYAudio
    

SwiftCompile normal x86_64 Compiling\ CategoryViewController.swift,\ ScreenMirrorViewController.swift,\ AppListViewController.swift /Users/tang/Desktop/iOS/TYAudio/TYAudio/Features/DeviceControl/CategoryViewController.swift /Users/tang/Desktop/iOS/TYAudio/TYAudio/Features/ScreenMirror/ScreenMirrorViewController.swift /Users/tang/Desktop/iOS/TYAudio/TYAudio/Features/DeviceControl/AppListViewController.swift (in target 'TYAudio' from project 'TYAudio')

SwiftCompile normal x86_64 /Users/tang/Desktop/iOS/TYAudio/TYAudio/Features/DeviceControl/CategoryViewController.swift (in target 'TYAudio' from project 'TYAudio')
    cd /Users/tang/Desktop/iOS/TYAudio
    

SwiftCompile normal x86_64 /Users/tang/Desktop/iOS/TYAudio/TYAudio/Features/ScreenMirror/ScreenMirrorViewController.swift (in target 'TYAudio' from project 'TYAudio')
    cd /Users/tang/Desktop/iOS/TYAudio
    

SwiftCompile normal x86_64 /Users/tang/Desktop/iOS/TYAudio/TYAudio/Features/DeviceControl/AppListViewController.swift (in target 'TYAudio' from project 'TYAudio')
    cd /Users/tang/Desktop/iOS/TYAudio
    

SwiftCompile normal x86_64 Compiling\ Device.swift,\ ViewController.swift,\ UIView+Extensions.swift /Users/tang/Desktop/iOS/TYAudio/TYAudio/Core/Models/Device.swift /Users/tang/Desktop/iOS/TYAudio/TYAudio/ViewController.swift /Users/tang/Desktop/iOS/TYAudio/TYAudio/Core/Extensions/UIView+Extensions.swift (in target 'TYAudio' from project 'TYAudio')

SwiftCompile normal x86_64 /Users/tang/Desktop/iOS/TYAudio/TYAudio/Core/Models/Device.swift (in target 'TYAudio' from project 'TYAudio')
    cd /Users/tang/Desktop/iOS/TYAudio
    

SwiftCompile normal x86_64 /Users/tang/Desktop/iOS/TYAudio/TYAudio/ViewController.swift (in target 'TYAudio' from project 'TYAudio')
    cd /Users/tang/Desktop/iOS/TYAudio
    

SwiftCompile normal x86_64 /Users/tang/Desktop/iOS/TYAudio/TYAudio/Core/Extensions/UIView+Extensions.swift (in target 'TYAudio' from project 'TYAudio')
    cd /Users/tang/Desktop/iOS/TYAudio
    

SwiftCompile normal x86_64 Compiling\ DeviceListViewController.swift,\ PlaylistViewController.swift,\ TCPSocketManager.swift,\ PlayerViewController.swift /Users/tang/Desktop/iOS/TYAudio/TYAudio/Features/DeviceList/DeviceListViewController.swift /Users/tang/Desktop/iOS/TYAudio/TYAudio/Features/Player/PlaylistViewController.swift /Users/tang/Desktop/iOS/TYAudio/TYAudio/Core/Network/TCPSocketManager.swift /Users/tang/Desktop/iOS/TYAudio/TYAudio/Features/Player/PlayerViewController.swift (in target 'TYAudio' from project 'TYAudio')
SwiftCompile normal x86_64 /Users/tang/Desktop/iOS/TYAudio/TYAudio/Features/DeviceList/DeviceListViewController.swift (in target 'TYAudio' from project 'TYAudio')
    cd /Users/tang/Desktop/iOS/TYAudio
    

SwiftCompile normal x86_64 /Users/tang/Desktop/iOS/TYAudio/TYAudio/Features/Player/PlaylistViewController.swift (in target 'TYAudio' from project 'TYAudio')
    cd /Users/tang/Desktop/iOS/TYAudio
    
/Users/tang/Desktop/iOS/TYAudio/TYAudio/Features/Player/PlaylistViewController.swift:111:92: warning: variable 'self' was written to, but never read
        TCPSocketManager.shared.send(command: CommandBuilder.changePath(dir: "/")) { [weak self] _ in
                                                                                           ^

SwiftCompile normal x86_64 /Users/tang/Desktop/iOS/TYAudio/TYAudio/Core/Network/TCPSocketManager.swift (in target 'TYAudio' from project 'TYAudio')
    cd /Users/tang/Desktop/iOS/TYAudio
    
/Users/tang/Desktop/iOS/TYAudio/TYAudio/Core/Network/TCPSocketManager.swift:273:23: warning: value 'self' was defined but never used; consider replacing with boolean test
            guard let self = self else { return }
                  ~~~~^~~~~~~
                                  != nil

SwiftCompile normal x86_64 /Users/tang/Desktop/iOS/TYAudio/TYAudio/Features/Player/PlayerViewController.swift (in target 'TYAudio' from project 'TYAudio')
    cd /Users/tang/Desktop/iOS/TYAudio
    

SwiftDriverJobDiscovery normal x86_64 Compiling AppDelegate.swift, PlayState.swift, FileItem.swift (in target 'TYAudio' from project 'TYAudio')

SwiftDriverJobDiscovery normal x86_64 Compiling Device.swift, ViewController.swift, UIView+Extensions.swift (in target 'TYAudio' from project 'TYAudio')

SwiftDriverJobDiscovery normal x86_64 Compiling UIColor+Extensions.swift, SceneDelegate.swift, MiniPlayerView.swift (in target 'TYAudio' from project 'TYAudio')

SwiftDriverJobDiscovery normal x86_64 Emitting module for TYAudio (in target 'TYAudio' from project 'TYAudio')

SwiftDriver\ Compilation\ Requirements TYAudio normal x86_64 com.apple.xcode.tools.swift.compiler (in target 'TYAudio' from project 'TYAudio')
    cd /Users/tang/Desktop/iOS/TYAudio
    builtin-Swift-Compilation-Requirements -- /Applications/Xcode.app/Contents/Developer/Toolchains/XcodeDefault.xctoolchain/usr/bin/swiftc -module-name TYAudio -Onone -enforce-exclusivity\=checked @/Users/tang/Library/Developer/Xcode/DerivedData/TYAudio-dlmjgiulirzmonayehdqmwlfwckl/Build/Intermediates.noindex/TYAudio.build/Debug-iphonesimulator/TYAudio.build/Objects-normal/x86_64/TYAudio.SwiftFileList -DDEBUG -enable-bare-slash-regex -enable-experimental-feature DebugDescriptionMacro -sdk /Applications/Xcode.app/Contents/Developer/Platforms/iPhoneSimulator.platform/Developer/SDKs/iPhoneSimulator18.5.sdk -target x86_64-apple-ios15.0-simulator -g -module-cache-path /Users/tang/Library/Developer/Xcode/DerivedData/ModuleCache.noindex -Xfrontend -serialize-debugging-options -enable-testing -index-store-path /Users/tang/Library/Developer/Xcode/DerivedData/TYAudio-dlmjgiulirzmonayehdqmwlfwckl/Index.noindex/DataStore -swift-version 5 -I /Users/tang/Library/Developer/Xcode/DerivedData/TYAudio-dlmjgiulirzmonayehdqmwlfwckl/Build/Products/Debug-iphonesimulator -F /Users/tang/Library/Developer/Xcode/DerivedData/TYAudio-dlmjgiulirzmonayehdqmwlfwckl/Build/Products/Debug-iphonesimulator -F /Users/tang/Desktop/iOS/TYAudio/TYAudio/Frameworks -emit-localized-strings -emit-localized-strings-path /Users/tang/Library/Developer/Xcode/DerivedData/TYAudio-dlmjgiulirzmonayehdqmwlfwckl/Build/Intermediates.noindex/TYAudio.build/Debug-iphonesimulator/TYAudio.build/Objects-normal/x86_64 -c -j8 -enable-batch-mode -incremental -Xcc -ivfsstatcache -Xcc /Users/tang/Library/Developer/Xcode/DerivedData/SDKStatCaches.noindex/iphonesimulator18.5-22F76-d5fc8ad4295d2ef488fb7d0f804ce0c4.sdkstatcache -output-file-map /Users/tang/Library/Developer/Xcode/DerivedData/TYAudio-dlmjgiulirzmonayehdqmwlfwckl/Build/Intermediates.noindex/TYAudio.build/Debug-iphonesimulator/TYAudio.build/Objects-normal/x86_64/TYAudio-OutputFileMap.json -use-frontend-parseable-output -save-temps -no-color-diagnostics -serialize-diagnostics -emit-dependencies -emit-module -emit-module-path /Users/tang/Library/Developer/Xcode/DerivedData/TYAudio-dlmjgiulirzmonayehdqmwlfwckl/Build/Intermediates.noindex/TYAudio.build/Debug-iphonesimulator/TYAudio.build/Objects-normal/x86_64/TYAudio.swiftmodule -validate-clang-modules-once -clang-build-session-file /Users/tang/Library/Developer/Xcode/DerivedData/ModuleCache.noindex/Session.modulevalidation -Xcc -I/Users/tang/Library/Developer/Xcode/DerivedData/TYAudio-dlmjgiulirzmonayehdqmwlfwckl/Build/Intermediates.noindex/TYAudio.build/Debug-iphonesimulator/TYAudio.build/swift-overrides.hmap -emit-const-values -Xfrontend -const-gather-protocols-file -Xfrontend /Users/tang/Library/Developer/Xcode/DerivedData/TYAudio-dlmjgiulirzmonayehdqmwlfwckl/Build/Intermediates.noindex/TYAudio.build/Debug-iphonesimulator/TYAudio.build/Objects-normal/x86_64/TYAudio_const_extract_protocols.json -Xcc -iquote -Xcc /Users/tang/Library/Developer/Xcode/DerivedData/TYAudio-dlmjgiulirzmonayehdqmwlfwckl/Build/Intermediates.noindex/TYAudio.build/Debug-iphonesimulator/TYAudio.build/TYAudio-generated-files.hmap -Xcc -I/Users/tang/Library/Developer/Xcode/DerivedData/TYAudio-dlmjgiulirzmonayehdqmwlfwckl/Build/Intermediates.noindex/TYAudio.build/Debug-iphonesimulator/TYAudio.build/TYAudio-own-target-headers.hmap -Xcc -I/Users/tang/Library/Developer/Xcode/DerivedData/TYAudio-dlmjgiulirzmonayehdqmwlfwckl/Build/Intermediates.noindex/TYAudio.build/Debug-iphonesimulator/TYAudio.build/TYAudio-all-target-headers.hmap -Xcc -iquote -Xcc /Users/tang/Library/Developer/Xcode/DerivedData/TYAudio-dlmjgiulirzmonayehdqmwlfwckl/Build/Intermediates.noindex/TYAudio.build/Debug-iphonesimulator/TYAudio.build/TYAudio-project-headers.hmap -Xcc -I/Users/tang/Library/Developer/Xcode/DerivedData/TYAudio-dlmjgiulirzmonayehdqmwlfwckl/Build/Products/Debug-iphonesimulator/include -Xcc -I/Users/tang/Library/Developer/Xcode/DerivedData/TYAudio-dlmjgiulirzmonayehdqmwlfwckl/Build/Intermediates.noindex/TYAudio.build/Debug-iphonesimulator/TYAudio.build/DerivedSources-normal/x86_64 -Xcc -I/Users/tang/Library/Developer/Xcode/DerivedData/TYAudio-dlmjgiulirzmonayehdqmwlfwckl/Build/Intermediates.noindex/TYAudio.build/Debug-iphonesimulator/TYAudio.build/DerivedSources/x86_64 -Xcc -I/Users/tang/Library/Developer/Xcode/DerivedData/TYAudio-dlmjgiulirzmonayehdqmwlfwckl/Build/Intermediates.noindex/TYAudio.build/Debug-iphonesimulator/TYAudio.build/DerivedSources -Xcc -DDEBUG\=1 -emit-objc-header -emit-objc-header-path /Users/tang/Library/Developer/Xcode/DerivedData/TYAudio-dlmjgiulirzmonayehdqmwlfwckl/Build/Intermediates.noindex/TYAudio.build/Debug-iphonesimulator/TYAudio.build/Objects-normal/x86_64/TYAudio-Swift.h -import-objc-header /Users/tang/Desktop/iOS/TYAudio/TYAudio/TYAudio-Bridging-Header.h -pch-output-dir /Users/tang/Library/Developer/Xcode/DerivedData/TYAudio-dlmjgiulirzmonayehdqmwlfwckl/Build/Intermediates.noindex/PrecompiledHeaders -working-directory /Users/tang/Desktop/iOS/TYAudio -experimental-emit-module-separately -disable-cmo

Copy /Users/tang/Library/Developer/Xcode/DerivedData/TYAudio-dlmjgiulirzmonayehdqmwlfwckl/Build/Products/Debug-iphonesimulator/TYAudio.swiftmodule/x86_64-apple-ios-simulator.swiftmodule /Users/tang/Library/Developer/Xcode/DerivedData/TYAudio-dlmjgiulirzmonayehdqmwlfwckl/Build/Intermediates.noindex/TYAudio.build/Debug-iphonesimulator/TYAudio.build/Objects-normal/x86_64/TYAudio.swiftmodule (in target 'TYAudio' from project 'TYAudio')
    cd /Users/tang/Desktop/iOS/TYAudio
    builtin-copy -exclude .DS_Store -exclude CVS -exclude .svn -exclude .git -exclude .hg -resolve-src-symlinks -rename /Users/tang/Library/Developer/Xcode/DerivedData/TYAudio-dlmjgiulirzmonayehdqmwlfwckl/Build/Intermediates.noindex/TYAudio.build/Debug-iphonesimulator/TYAudio.build/Objects-normal/x86_64/TYAudio.swiftmodule /Users/tang/Library/Developer/Xcode/DerivedData/TYAudio-dlmjgiulirzmonayehdqmwlfwckl/Build/Products/Debug-iphonesimulator/TYAudio.swiftmodule/x86_64-apple-ios-simulator.swiftmodule

Copy /Users/tang/Library/Developer/Xcode/DerivedData/TYAudio-dlmjgiulirzmonayehdqmwlfwckl/Build/Products/Debug-iphonesimulator/TYAudio.swiftmodule/x86_64-apple-ios-simulator.swiftdoc /Users/tang/Library/Developer/Xcode/DerivedData/TYAudio-dlmjgiulirzmonayehdqmwlfwckl/Build/Intermediates.noindex/TYAudio.build/Debug-iphonesimulator/TYAudio.build/Objects-normal/x86_64/TYAudio.swiftdoc (in target 'TYAudio' from project 'TYAudio')
    cd /Users/tang/Desktop/iOS/TYAudio
    builtin-copy -exclude .DS_Store -exclude CVS -exclude .svn -exclude .git -exclude .hg -resolve-src-symlinks -rename /Users/tang/Library/Developer/Xcode/DerivedData/TYAudio-dlmjgiulirzmonayehdqmwlfwckl/Build/Intermediates.noindex/TYAudio.build/Debug-iphonesimulator/TYAudio.build/Objects-normal/x86_64/TYAudio.swiftdoc /Users/tang/Library/Developer/Xcode/DerivedData/TYAudio-dlmjgiulirzmonayehdqmwlfwckl/Build/Products/Debug-iphonesimulator/TYAudio.swiftmodule/x86_64-apple-ios-simulator.swiftdoc

Copy /Users/tang/Library/Developer/Xcode/DerivedData/TYAudio-dlmjgiulirzmonayehdqmwlfwckl/Build/Products/Debug-iphonesimulator/TYAudio.swiftmodule/x86_64-apple-ios-simulator.abi.json /Users/tang/Library/Developer/Xcode/DerivedData/TYAudio-dlmjgiulirzmonayehdqmwlfwckl/Build/Intermediates.noindex/TYAudio.build/Debug-iphonesimulator/TYAudio.build/Objects-normal/x86_64/TYAudio.abi.json (in target 'TYAudio' from project 'TYAudio')
    cd /Users/tang/Desktop/iOS/TYAudio
    builtin-copy -exclude .DS_Store -exclude CVS -exclude .svn -exclude .git -exclude .hg -resolve-src-symlinks -rename /Users/tang/Library/Developer/Xcode/DerivedData/TYAudio-dlmjgiulirzmonayehdqmwlfwckl/Build/Intermediates.noindex/TYAudio.build/Debug-iphonesimulator/TYAudio.build/Objects-normal/x86_64/TYAudio.abi.json /Users/tang/Library/Developer/Xcode/DerivedData/TYAudio-dlmjgiulirzmonayehdqmwlfwckl/Build/Products/Debug-iphonesimulator/TYAudio.swiftmodule/x86_64-apple-ios-simulator.abi.json

Copy /Users/tang/Library/Developer/Xcode/DerivedData/TYAudio-dlmjgiulirzmonayehdqmwlfwckl/Build/Products/Debug-iphonesimulator/TYAudio.swiftmodule/Project/x86_64-apple-ios-simulator.swiftsourceinfo /Users/tang/Library/Developer/Xcode/DerivedData/TYAudio-dlmjgiulirzmonayehdqmwlfwckl/Build/Intermediates.noindex/TYAudio.build/Debug-iphonesimulator/TYAudio.build/Objects-normal/x86_64/TYAudio.swiftsourceinfo (in target 'TYAudio' from project 'TYAudio')
    cd /Users/tang/Desktop/iOS/TYAudio
    builtin-copy -exclude .DS_Store -exclude CVS -exclude .svn -exclude .git -exclude .hg -resolve-src-symlinks -rename /Users/tang/Library/Developer/Xcode/DerivedData/TYAudio-dlmjgiulirzmonayehdqmwlfwckl/Build/Intermediates.noindex/TYAudio.build/Debug-iphonesimulator/TYAudio.build/Objects-normal/x86_64/TYAudio.swiftsourceinfo /Users/tang/Library/Developer/Xcode/DerivedData/TYAudio-dlmjgiulirzmonayehdqmwlfwckl/Build/Products/Debug-iphonesimulator/TYAudio.swiftmodule/Project/x86_64-apple-ios-simulator.swiftsourceinfo

SwiftDriverJobDiscovery normal x86_64 Compiling BaseViewController.swift, DeviceScannerViewController.swift, GeneratedAssetSymbols.swift (in target 'TYAudio' from project 'TYAudio')

SwiftDriverJobDiscovery normal x86_64 Compiling ScreenMirrorService.swift, FileBrowserViewController.swift, DeviceScanner.swift, StreamingRemoteViewController.swift (in target 'TYAudio' from project 'TYAudio')

SwiftDriverJobDiscovery normal x86_64 Compiling CategoryViewController.swift, ScreenMirrorViewController.swift, AppListViewController.swift (in target 'TYAudio' from project 'TYAudio')

SwiftDriverJobDiscovery normal x86_64 Compiling DeviceControlViewController.swift, StreamingLaunchViewController.swift, CommandBuilder.swift (in target 'TYAudio' from project 'TYAudio')

SwiftDriverJobDiscovery normal x86_64 Compiling DeviceListViewController.swift, PlaylistViewController.swift, TCPSocketManager.swift, PlayerViewController.swift (in target 'TYAudio' from project 'TYAudio')

SwiftDriver\ Compilation TYAudio normal x86_64 com.apple.xcode.tools.swift.compiler (in target 'TYAudio' from project 'TYAudio')
    cd /Users/tang/Desktop/iOS/TYAudio
    builtin-Swift-Compilation -- /Applications/Xcode.app/Contents/Developer/Toolchains/XcodeDefault.xctoolchain/usr/bin/swiftc -module-name TYAudio -Onone -enforce-exclusivity\=checked @/Users/tang/Library/Developer/Xcode/DerivedData/TYAudio-dlmjgiulirzmonayehdqmwlfwckl/Build/Intermediates.noindex/TYAudio.build/Debug-iphonesimulator/TYAudio.build/Objects-normal/x86_64/TYAudio.SwiftFileList -DDEBUG -enable-bare-slash-regex -enable-experimental-feature DebugDescriptionMacro -sdk /Applications/Xcode.app/Contents/Developer/Platforms/iPhoneSimulator.platform/Developer/SDKs/iPhoneSimulator18.5.sdk -target x86_64-apple-ios15.0-simulator -g -module-cache-path /Users/tang/Library/Developer/Xcode/DerivedData/ModuleCache.noindex -Xfrontend -serialize-debugging-options -enable-testing -index-store-path /Users/tang/Library/Developer/Xcode/DerivedData/TYAudio-dlmjgiulirzmonayehdqmwlfwckl/Index.noindex/DataStore -swift-version 5 -I /Users/tang/Library/Developer/Xcode/DerivedData/TYAudio-dlmjgiulirzmonayehdqmwlfwckl/Build/Products/Debug-iphonesimulator -F /Users/tang/Library/Developer/Xcode/DerivedData/TYAudio-dlmjgiulirzmonayehdqmwlfwckl/Build/Products/Debug-iphonesimulator -F /Users/tang/Desktop/iOS/TYAudio/TYAudio/Frameworks -emit-localized-strings -emit-localized-strings-path /Users/tang/Library/Developer/Xcode/DerivedData/TYAudio-dlmjgiulirzmonayehdqmwlfwckl/Build/Intermediates.noindex/TYAudio.build/Debug-iphonesimulator/TYAudio.build/Objects-normal/x86_64 -c -j8 -enable-batch-mode -incremental -Xcc -ivfsstatcache -Xcc /Users/tang/Library/Developer/Xcode/DerivedData/SDKStatCaches.noindex/iphonesimulator18.5-22F76-d5fc8ad4295d2ef488fb7d0f804ce0c4.sdkstatcache -output-file-map /Users/tang/Library/Developer/Xcode/DerivedData/TYAudio-dlmjgiulirzmonayehdqmwlfwckl/Build/Intermediates.noindex/TYAudio.build/Debug-iphonesimulator/TYAudio.build/Objects-normal/x86_64/TYAudio-OutputFileMap.json -use-frontend-parseable-output -save-temps -no-color-diagnostics -serialize-diagnostics -emit-dependencies -emit-module -emit-module-path /Users/tang/Library/Developer/Xcode/DerivedData/TYAudio-dlmjgiulirzmonayehdqmwlfwckl/Build/Intermediates.noindex/TYAudio.build/Debug-iphonesimulator/TYAudio.build/Objects-normal/x86_64/TYAudio.swiftmodule -validate-clang-modules-once -clang-build-session-file /Users/tang/Library/Developer/Xcode/DerivedData/ModuleCache.noindex/Session.modulevalidation -Xcc -I/Users/tang/Library/Developer/Xcode/DerivedData/TYAudio-dlmjgiulirzmonayehdqmwlfwckl/Build/Intermediates.noindex/TYAudio.build/Debug-iphonesimulator/TYAudio.build/swift-overrides.hmap -emit-const-values -Xfrontend -const-gather-protocols-file -Xfrontend /Users/tang/Library/Developer/Xcode/DerivedData/TYAudio-dlmjgiulirzmonayehdqmwlfwckl/Build/Intermediates.noindex/TYAudio.build/Debug-iphonesimulator/TYAudio.build/Objects-normal/x86_64/TYAudio_const_extract_protocols.json -Xcc -iquote -Xcc /Users/tang/Library/Developer/Xcode/DerivedData/TYAudio-dlmjgiulirzmonayehdqmwlfwckl/Build/Intermediates.noindex/TYAudio.build/Debug-iphonesimulator/TYAudio.build/TYAudio-generated-files.hmap -Xcc -I/Users/tang/Library/Developer/Xcode/DerivedData/TYAudio-dlmjgiulirzmonayehdqmwlfwckl/Build/Intermediates.noindex/TYAudio.build/Debug-iphonesimulator/TYAudio.build/TYAudio-own-target-headers.hmap -Xcc -I/Users/tang/Library/Developer/Xcode/DerivedData/TYAudio-dlmjgiulirzmonayehdqmwlfwckl/Build/Intermediates.noindex/TYAudio.build/Debug-iphonesimulator/TYAudio.build/TYAudio-all-target-headers.hmap -Xcc -iquote -Xcc /Users/tang/Library/Developer/Xcode/DerivedData/TYAudio-dlmjgiulirzmonayehdqmwlfwckl/Build/Intermediates.noindex/TYAudio.build/Debug-iphonesimulator/TYAudio.build/TYAudio-project-headers.hmap -Xcc -I/Users/tang/Library/Developer/Xcode/DerivedData/TYAudio-dlmjgiulirzmonayehdqmwlfwckl/Build/Products/Debug-iphonesimulator/include -Xcc -I/Users/tang/Library/Developer/Xcode/DerivedData/TYAudio-dlmjgiulirzmonayehdqmwlfwckl/Build/Intermediates.noindex/TYAudio.build/Debug-iphonesimulator/TYAudio.build/DerivedSources-normal/x86_64 -Xcc -I/Users/tang/Library/Developer/Xcode/DerivedData/TYAudio-dlmjgiulirzmonayehdqmwlfwckl/Build/Intermediates.noindex/TYAudio.build/Debug-iphonesimulator/TYAudio.build/DerivedSources/x86_64 -Xcc -I/Users/tang/Library/Developer/Xcode/DerivedData/TYAudio-dlmjgiulirzmonayehdqmwlfwckl/Build/Intermediates.noindex/TYAudio.build/Debug-iphonesimulator/TYAudio.build/DerivedSources -Xcc -DDEBUG\=1 -emit-objc-header -emit-objc-header-path /Users/tang/Library/Developer/Xcode/DerivedData/TYAudio-dlmjgiulirzmonayehdqmwlfwckl/Build/Intermediates.noindex/TYAudio.build/Debug-iphonesimulator/TYAudio.build/Objects-normal/x86_64/TYAudio-Swift.h -import-objc-header /Users/tang/Desktop/iOS/TYAudio/TYAudio/TYAudio-Bridging-Header.h -pch-output-dir /Users/tang/Library/Developer/Xcode/DerivedData/TYAudio-dlmjgiulirzmonayehdqmwlfwckl/Build/Intermediates.noindex/PrecompiledHeaders -working-directory /Users/tang/Desktop/iOS/TYAudio -experimental-emit-module-separately -disable-cmo

Ld /Users/tang/Library/Developer/Xcode/DerivedData/TYAudio-dlmjgiulirzmonayehdqmwlfwckl/Build/Products/Debug-iphonesimulator/TYAudio.app/TYAudio.debug.dylib normal (in target 'TYAudio' from project 'TYAudio')
    cd /Users/tang/Desktop/iOS/TYAudio
    /Applications/Xcode.app/Contents/Developer/Toolchains/XcodeDefault.xctoolchain/usr/bin/clang -Xlinker -reproducible -target x86_64-apple-ios15.0-simulator -dynamiclib -isysroot /Applications/Xcode.app/Contents/Developer/Platforms/iPhoneSimulator.platform/Developer/SDKs/iPhoneSimulator18.5.sdk -O0 -L/Users/tang/Library/Developer/Xcode/DerivedData/TYAudio-dlmjgiulirzmonayehdqmwlfwckl/Build/Intermediates.noindex/EagerLinkingTBDs/Debug-iphonesimulator -L/Users/tang/Library/Developer/Xcode/DerivedData/TYAudio-dlmjgiulirzmonayehdqmwlfwckl/Build/Products/Debug-iphonesimulator -F/Users/tang/Library/Developer/Xcode/DerivedData/TYAudio-dlmjgiulirzmonayehdqmwlfwckl/Build/Intermediates.noindex/EagerLinkingTBDs/Debug-iphonesimulator -F/Users/tang/Library/Developer/Xcode/DerivedData/TYAudio-dlmjgiulirzmonayehdqmwlfwckl/Build/Products/Debug-iphonesimulator -F/Users/tang/Desktop/iOS/TYAudio/TYAudio/Frameworks -filelist /Users/tang/Library/Developer/Xcode/DerivedData/TYAudio-dlmjgiulirzmonayehdqmwlfwckl/Build/Intermediates.noindex/TYAudio.build/Debug-iphonesimulator/TYAudio.build/Objects-normal/x86_64/TYAudio.LinkFileList -install_name @rpath/TYAudio.debug.dylib -Xlinker -rpath -Xlinker @executable_path/Frameworks -dead_strip -Xlinker -object_path_lto -Xlinker /Users/tang/Library/Developer/Xcode/DerivedData/TYAudio-dlmjgiulirzmonayehdqmwlfwckl/Build/Intermediates.noindex/TYAudio.build/Debug-iphonesimulator/TYAudio.build/Objects-normal/x86_64/TYAudio_lto.o -rdynamic -Xlinker -no_deduplicate -Xlinker -objc_abi_version -Xlinker 2 -Xlinker -dependency_info -Xlinker /Users/tang/Library/Developer/Xcode/DerivedData/TYAudio-dlmjgiulirzmonayehdqmwlfwckl/Build/Intermediates.noindex/TYAudio.build/Debug-iphonesimulator/TYAudio.build/Objects-normal/x86_64/TYAudio_dependency_info.dat -fobjc-link-runtime -L/Applications/Xcode.app/Contents/Developer/Toolchains/XcodeDefault.xctoolchain/usr/lib/swift/iphonesimulator -L/usr/lib/swift -Xlinker -add_ast_path -Xlinker /Users/tang/Library/Developer/Xcode/DerivedData/TYAudio-dlmjgiulirzmonayehdqmwlfwckl/Build/Intermediates.noindex/TYAudio.build/Debug-iphonesimulator/TYAudio.build/Objects-normal/x86_64/TYAudio.swiftmodule -Xlinker -alias -Xlinker _main -Xlinker ___debug_main_executable_dylib_entry_point -framework SunloginControlSDK -Xlinker -no_adhoc_codesign -o /Users/tang/Library/Developer/Xcode/DerivedData/TYAudio-dlmjgiulirzmonayehdqmwlfwckl/Build/Products/Debug-iphonesimulator/TYAudio.app/TYAudio.debug.dylib
ld: warning: ignoring file '/Users/tang/Desktop/iOS/TYAudio/TYAudio/Frameworks/SunloginControlSDK.framework/SunloginControlSDK': found architecture 'arm64', required architecture 'x86_64'
ld: warning: Could not find or use auto-linked framework 'CoreAudioTypes': framework 'CoreAudioTypes' not found
ld: warning: Could not parse or use implicit file '/Applications/Xcode.app/Contents/Developer/Platforms/iPhoneSimulator.platform/Developer/SDKs/iPhoneSimulator.sdk/System/Library/Frameworks/SwiftUICore.framework/SwiftUICore.tbd': cannot link directly with 'SwiftUICore' because product being built is not an allowed client of it
Undefined symbols for architecture x86_64:
  "_OBJC_CLASS_$_SCCDesktopConfig", referenced from:
       in ScreenMirrorService.o
  "_OBJC_CLASS_$_SCCSDK", referenced from:
       in ScreenMirrorService.o
ld: symbol(s) not found for architecture x86_64
clang: error: linker command failed with exit code 1 (use -v to see invocation)

** BUILD FAILED **


The following build commands failed:
	Ld /Users/tang/Library/Developer/Xcode/DerivedData/TYAudio-dlmjgiulirzmonayehdqmwlfwckl/Build/Products/Debug-iphonesimulator/TYAudio.app/TYAudio.debug.dylib normal (in target 'TYAudio' from project 'TYAudio')
	Building project TYAudio with scheme TYAudio
(2 failures)
